[3gH    H    H    H    H    H    H    H    H    H    H    H    H    H    H    H    H    H    H    H   [INFO] Using python from: /root/gpufree-data/isaac-sim/IsaacLab/_isaac_sim/python.sh
[INFO][AppLauncher]: Using device: cuda:0
[INFO][AppLauncher]: Loading experience file: /root/gpufree-data/isaac-sim/IsaacLab/apps/isaaclab.python.headless.rendering.kit
[INFO]: Parsing configuration from: rebot_task.rebot_factory_env:RebotFactoryPegInsertCfg
[INFO]: Parsing configuration from: /root/gpufree-data/isaac-sim/IsaacLab/source/isaaclab_tasks/isaaclab_tasks/direct/factory/agents/rl_games_ppo_cfg.yaml
[2026-09-11 15:56:32,719][isaaclab.envs.direct_rl_env][WARNING] - Seed not set for the environment. The environment creation may not be deterministic.

[36m======================================================================================[0m
[36m[1m[INFO][IsaacLab]: Logging to file: /tmp/isaaclab/logs/isaaclab_2026-09-11_15-56-32.log[0m
[36m======================================================================================[0m

[33m15:56:32 [simulation_context.py] WARNING: The `enable_external_forces_every_iteration` parameter in the PhysxCfg is set to False. If you are experiencing noisy velocities, consider enabling this flag. You may need to slightly increase the number of velocity iterations (setting it to 1 or 2 rather than 0), together with this flag, to improve the accuracy of velocity updates.[0m
[INFO]: Base environment:
	Environment device    : cuda:0
	Environment seed      : None
	Physics step-size     : 0.008333333333333333
	Rendering step-size   : 0.008333333333333333
	Environment step-size : 0.06666666666666667
[33m15:56:32 [direct_rl_env.py] WARNING: The render interval (1) is smaller than the decimation (8). Multiple render calls will happen for each environment step.If this is not intended, set the render interval to be equal to the decimation.[0m
[33m15:56:33 [prims.py] WARNING: Could not perform 'modify_collision_properties' on any prims under: '/World/envs/env_0/Robot'. This might be because of the following reasons:
	(1) The desired attribute does not exist on any of the prims.
	(2) The desired attribute exists on an instanced prim.
		Discovered list of instanced prim paths: ['/World/envs/env_0/Robot/base_link/visuals', '/World/envs/env_0/Robot/base_link/collisions', '/World/envs/env_0/Robot/Link_1/visuals', '/World/envs/env_0/Robot/Link_1/collisions', '/World/envs/env_0/Robot/Link_2/visuals', '/World/envs/env_0/Robot/Link_2/collisions', '/World/envs/env_0/Robot/Link_3/visuals', '/World/envs/env_0/Robot/Link_3/collisions', '/World/envs/env_0/Robot/Link_4/visuals', '/World/envs/env_0/Robot/Link_4/collisions', '/World/envs/env_0/Robot/Link_5/visuals', '/World/envs/env_0/Robot/Link_5/collisions', '/World/envs/env_0/Robot/Link_6/visuals', '/World/envs/env_0/Robot/Link_6/collisions', '/World/envs/env_0/Robot/ee_1/visuals', '/World/envs/env_0/Robot/ee_1/collisions', '/World/envs/env_0/Robot/ee_2/visuals', '/World/envs/env_0/Robot/ee_2/collisions', '/World/envs/env_0/Robot/Tool/visuals'][0m
Loading user config located at: '/isaac-sim/kit/data/Kit/Isaac-Sim/5.1/user.config.json'
[Info] [carb] Logging to file: /isaac-sim/kit/logs/Kit/Isaac-Sim/5.1/kit_20260911_155619.log
2026-09-11T07:56:20Z [1,260ms] [Warning] [carb.graphics-vulkan.plugin] Could not initialize nvperf_grfx_host library. PerfSDK disabled

|---------------------------------------------------------------------------------------------|
| Driver Version: 580.126.09    | Graphics API: Vulkan
|=============================================================================================|
| GPU | Name                             | Active | LDA | GPU Memory | Vendor-ID | LUID       |
|     |                                  |        |     |            | Device-ID | UUID       |
|     |                                  |        |     |            | Bus-ID    |            |
|---------------------------------------------------------------------------------------------|
| 0   | NVIDIA GeForce RTX 4090          | Yes: 0 |     | 24564   MB | 10de      | 0          |
|     |                                  |        |     |            | 2684      | 311d8304.. |
|     |                                  |        |     |            | e         |            |
|=============================================================================================|
| OS: 24.04.4 LTS (Noble Numbat) ubuntu, Version: 24.04.4, Kernel: 5.15.0-176-generic
| XServer Vendor: The X.Org Foundation, XServer Version: 12101011 (1.21.1.11)
| Processor: Intel(R) Xeon(R) Gold 6430
| Bare Metal Cores: 64 | Bare Metal Logical Cores: 128
| Core Usage Quota: 14
|---------------------------------------------------------------------------------------------|
| Total Memory (MB): 51200 | Free Memory: 47314
| Total Page/Swap (MB): 0 | Free Page/Swap: 0
|---------------------------------------------------------------------------------------------|
2026-09-11T07:56:22Z [2,980ms] [Warning] [omni.log] Source: omni.hydra was already registered.
2026-09-11T07:56:23Z [3,421ms] [Warning] [carb] Acquiring non optional plugin interface which is not listed as dependency: [omni::physx::IPhysxBenchmarks v1.0] (plugin: <default plugin>), by client: omni.physics.physx.plugin. Add it to CARB_PLUGIN_IMPL_DEPS() macro of a client.
2026-09-11T07:56:23Z [3,429ms] [Warning] [omni.isaac.dynamic_control] omni.isaac.dynamic_control is deprecated as of Isaac Sim 4.5. No action is needed from end-users.
2026-09-11T07:56:25Z [6,237ms] [Warning] [pxr.Semantics] pxr.Semantics is deprecated - please use Semantics instead
2026-09-11T07:56:26Z [6,384ms] [Warning] [omni.graph.core.plugin] Found duplicate of category 'Replicator' - was 'Annotators', adding 'Fabric Reader'
2026-09-11T07:56:26Z [6,384ms] [Warning] [omni.graph.core.plugin] Category 'Replicator' not accepted on node type 'omni.replicator.core.FabricReader' in extension 'omni.replicator.core'
2026-09-11T07:56:26Z [6,385ms] [Warning] [omni.replicator.core.scripts.extension] No material configuration file, adding configuration to material settings directly.
2026-09-11T07:56:30Z [11,022ms] [Warning] [omni.fabric.plugin] Warning: attribute viewportHandle not found for bucket id 7

2026-09-11T07:56:34Z [14,949ms] [Error] [isaacsim.core.cloner.impl.cloner] Failed to clone in Fabric
[INFO]: Time taken for scene creation : 1.906249 seconds
[INFO]: Scene manager:  <class InteractiveScene>
	Number of environments: 1
	Environment spacing   : 2.0
	Source prim name      : /World/envs/env_0
	Global prim paths     : []
	Replicate physics     : True
[INFO]: Starting the simulation. This may take a few seconds. Please wait...
[INFO]: Time taken for simulation start : 1.312897 seconds
[INFO]: Completed setting up the environment...
saved=/root/gpufree-data/isaac-sim/peg_insert_reproduction/views/rebot_vertical_current/front.png
saved=/root/gpufree-data/isaac-sim/peg_insert_reproduction/views/rebot_vertical_current/side.png
saved=/root/gpufree-data/isaac-sim/peg_insert_reproduction/views/rebot_vertical_current/oblique.png
saved=/root/gpufree-data/isaac-sim/peg_insert_reproduction/views/rebot_vertical_current/top.png
2026-09-11T07:56:37Z [17,308ms] [Warning] [omni.fabric.plugin] getAttributeCount called on non-existent path /World/envs/env_0/Robot/ee_2/visuals/ee_2/node_STL_BINARY_
2026-09-11T07:56:37Z [17,308ms] [Warning] [omni.fabric.plugin] getTypes called on non-existent path /World/envs/env_0/Robot/ee_2/visuals/ee_2/node_STL_BINARY_
2026-09-11T07:56:38Z [18,574ms] [Warning] [omni.syntheticdata.plugin] OgnSdPostRenderVarToHost : rendervar copy from texture directly to host buffer is counter-performant. Please use copy from texture to device buffer first.
